2026-07-01 20:30:38 | INFO | BI | === RUN START ===
2026-07-01 20:30:38 | INFO | BI | project=BI
2026-07-01 20:30:38 | INFO | BI | repo_dir=bintel-01-intro
2026-07-01 20:30:38 | INFO | BI | python=3.14.6
2026-07-01 20:30:38 | INFO | BI | os=Windows 11
2026-07-01 20:30:38 | INFO | BI | shell=powershell
2026-07-01 20:30:38 | INFO | BI | cwd=.
2026-07-01 20:30:38 | INFO | BI | github_actions=False
2026-07-01 20:30:38 | INFO | BI | ========================
2026-07-01 20:30:38 | INFO | BI | START main()
2026-07-01 20:30:38 | INFO | BI | ========================
2026-07-01 20:30:38 | INFO | BI | Raw data:  = data\raw
2026-07-01 20:30:38 | INFO | BI | Customers: = data\raw\customers_data.csv
2026-07-01 20:30:38 | INFO | BI | Products:  = data\raw\products_data.csv
2026-07-01 20:30:38 | INFO | BI | Sales:     = data\raw\sales_data.csv
2026-07-01 20:30:38 | INFO | BI | CALL a function to load each dataset.............
2026-07-01 20:30:38 | INFO | BI | Loading customers from data\raw\customers_data.csv
2026-07-01 20:30:38 | INFO | BI | Loaded: 201 rows, 4 columns
2026-07-01 20:30:38 | INFO | BI | Loading products from data\raw\products_data.csv
2026-07-01 20:30:39 | INFO | BI | Loaded: 100 rows, 4 columns
2026-07-01 20:30:39 | INFO | BI | Loading sales from data\raw\sales_data.csv
2026-07-01 20:30:39 | INFO | BI | Loaded: 2001 rows, 7 columns
2026-07-01 20:30:39 | INFO | BI | CALL a function to get sales by region........
2026-07-01 20:30:39 | INFO | BI | Aggregating sales by region
2026-07-01 20:30:39 | INFO | BI |   Top region: East ($679,700.37)
2026-07-01 20:30:39 | INFO | BI | Returning DataFrame with total sales by region
2026-07-01 20:30:39 | INFO | BI | CALL a function to plot sales by region........
2026-07-01 20:30:39 | INFO | BI | Creating chart: Total Sales by Region
2026-07-01 20:30:41 | INFO | BI | CALL a function to get sales by product category........
2026-07-01 20:30:41 | INFO | BI | Aggregating sales by product category
2026-07-01 20:30:41 | INFO | BI |   Top category: Office ($736,219.75)
2026-07-01 20:30:41 | INFO | BI | CALL a function to plot sales by product category........
2026-07-01 20:30:41 | INFO | BI | Creating chart: Total Sales by Product Category
2026-07-01 20:30:42 | INFO | BI | CALL a function to summarize the datasets........
2026-07-01 20:30:42 | INFO | BI | ========================
2026-07-01 20:30:42 | INFO | BI | SUMMARY
2026-07-01 20:30:42 | INFO | BI | ========================
2026-07-01 20:30:42 | INFO | BI | Customers:  201 rows, 4 columns
2026-07-01 20:30:42 | INFO | BI | Products:   100 rows, 4 columns
2026-07-01 20:30:42 | INFO | BI | Sales:      2001 rows, 7 columns
2026-07-01 20:30:42 | INFO | BI | ========================
2026-07-01 20:30:42 | INFO | BI | ANALYST NOTES:
2026-07-01 20:30:42 | INFO | BI | Note any data quality issues.
2026-07-01 20:30:42 | INFO | BI | We will clean data later.
2026-07-01 20:30:42 | INFO | BI | ========================
2026-07-01 20:30:42 | INFO | BI | CALL a function to show charts........
2026-07-02 17:59:14 | INFO | BI | === RUN START ===
2026-07-02 17:59:14 | INFO | BI | project=BI
2026-07-02 17:59:14 | INFO | BI | repo_dir=bintel-01-intro
2026-07-02 17:59:14 | INFO | BI | python=3.14.6
2026-07-02 17:59:14 | INFO | BI | os=Windows 11
2026-07-02 17:59:14 | INFO | BI | shell=powershell
2026-07-02 17:59:14 | INFO | BI | cwd=.
2026-07-02 17:59:14 | INFO | BI | github_actions=False
2026-07-02 17:59:14 | INFO | BI | ========================
2026-07-02 17:59:14 | INFO | BI | START main()
2026-07-02 17:59:14 | INFO | BI | ========================
2026-07-02 17:59:14 | INFO | BI | Raw data:  = data\raw
2026-07-02 17:59:14 | INFO | BI | Customers: = data\raw\customers_data.csv
2026-07-02 17:59:14 | INFO | BI | Products:  = data\raw\products_data.csv
2026-07-02 17:59:14 | INFO | BI | Sales:     = data\raw\sales_data.csv
2026-07-02 17:59:14 | INFO | BI | CALL a function to load each dataset.............
2026-07-02 17:59:14 | INFO | BI | Loading customers from data\raw\customers_data.csv
2026-07-02 17:59:14 | INFO | BI | Loaded: 201 rows, 4 columns
2026-07-02 17:59:14 | INFO | BI | Loading products from data\raw\products_data.csv
2026-07-02 17:59:14 | INFO | BI | Loaded: 100 rows, 4 columns
2026-07-02 17:59:14 | INFO | BI | Loading sales from data\raw\sales_data.csv
2026-07-02 17:59:14 | INFO | BI | Loaded: 2001 rows, 7 columns
2026-07-02 17:59:14 | INFO | BI | CALL a function to get sales by region........
2026-07-02 17:59:14 | INFO | BI | Aggregating sales by region
2026-07-02 17:59:14 | INFO | BI |   Top region: East ($679,700.37)
2026-07-02 17:59:14 | INFO | BI | Returning DataFrame with total sales by region
2026-07-02 17:59:14 | INFO | BI | CALL a function to plot sales by region........
2026-07-02 17:59:14 | INFO | BI | Creating chart: Total Sales by Region
2026-07-02 17:59:15 | INFO | BI | CALL a function to get sales by product category........
2026-07-02 17:59:15 | INFO | BI | Aggregating sales by product category
2026-07-02 17:59:15 | INFO | BI |   Top category: Office ($736,219.75)
2026-07-02 17:59:15 | INFO | BI | CALL a function to plot sales by product category........
2026-07-02 17:59:15 | INFO | BI | Creating chart: Total Sales by Product Category
2026-07-02 17:59:16 | INFO | BI | CALL a function to summarize the datasets........
2026-07-02 17:59:16 | INFO | BI | ========================
2026-07-02 17:59:16 | INFO | BI | SUMMARY
2026-07-02 17:59:16 | INFO | BI | ========================
2026-07-02 17:59:16 | INFO | BI | Customers:  201 rows, 4 columns
2026-07-02 17:59:16 | INFO | BI | Products:   100 rows, 4 columns
2026-07-02 17:59:16 | INFO | BI | Sales:      2001 rows, 7 columns
2026-07-02 17:59:16 | INFO | BI | ========================
2026-07-02 17:59:16 | INFO | BI | ANALYST NOTES:
2026-07-02 17:59:16 | INFO | BI | Note any data quality issues.
2026-07-02 17:59:16 | INFO | BI | We will clean data later.
2026-07-02 17:59:16 | INFO | BI | ========================
2026-07-02 17:59:16 | INFO | BI | CALL a function to show charts........
2026-07-02 17:59:38 | INFO | BI | Workflow complete
2026-07-02 17:59:38 | INFO | BI | CLOSE chart windows to continue.
2026-07-02 17:59:38 | INFO | BI | Terminate this process with CTRL+c as needed.
2026-07-02 17:59:38 | INFO | BI | ========================
2026-07-02 17:59:38 | INFO | BI | Executed successfully!
2026-07-02 17:59:38 | INFO | BI | ========================
2026-07-02 17:59:38 | INFO | BI | P1: BI Intro & Engage Phase 4 Make a Technical Modification
2026-07-02 17:59:38 | INFO | BI | Custom Log Entry added by Wendy Miller
